#
# There is insufficient memory for the Java Runtime Environment to continue.
# Native memory allocation (malloc) failed to allocate 1048576 bytes. Error detail: AllocateHeap
# Possible reasons:
#   The system is out of physical RAM or swap space
#   This process is running with CompressedOops enabled, and the Java Heap may be blocking the growth of the native heap
# Possible solutions:
#   Reduce memory load on the system
#   Increase physical memory or swap space
#   Check if swap backing store is full
#   Decrease Java heap size (-Xmx/-Xms)
#   Decrease number of Java threads
#   Decrease Java thread stack sizes (-Xss)
#   Set larger code cache with -XX:ReservedCodeCacheSize=
#   JVM is running with Unscaled Compressed Oops mode in which the Java heap is
#     placed in the first 4GB address space. The Java Heap base address is the
#     maximum limit for the native heap growth. Please use -XX:HeapBaseMinAddress
#     to set the Java Heap base and to place the Java Heap above 4GB virtual address.
# This output file may be truncated or incomplete.
#
#  Out of Memory Error (allocation.cpp:44), pid=17700, tid=10152
#
# JRE version: OpenJDK Runtime Environment Temurin-21.0.8+9 (21.0.8+9) (build 21.0.8+9-LTS)
# Java VM: OpenJDK 64-Bit Server VM Temurin-21.0.8+9 (21.0.8+9-LTS, mixed mode, sharing, tiered, compressed oops, compressed class ptrs, parallel gc, windows-amd64)
# No core dump will be written. Minidumps are not enabled by default on client versions of Windows
#

---------------  S U M M A R Y ------------

Command Line: --add-modules=ALL-SYSTEM --add-opens=java.base/java.util=ALL-UNNAMED --add-opens=java.base/java.lang=ALL-UNNAMED --add-opens=java.base/sun.nio.fs=ALL-UNNAMED -Declipse.application=org.eclipse.jdt.ls.core.id1 -Dosgi.bundles.defaultStartLevel=4 -Declipse.product=org.eclipse.jdt.ls.core.product -Djava.import.generatesMetadataFilesAtProjectRoot=false -DDetectVMInstallationsJob.disabled=true -Dfile.encoding=utf8 -XX:+UseParallelGC -XX:GCTimeRatio=4 -XX:AdaptiveSizePolicyWeight=90 -Dsun.zip.disableMemoryMapping=true -Xmx2G -Xms100m -Xlog:disable -javaagent:c:\Users\USER\.vscode\extensions\redhat.java-1.47.0-win32-x64\lombok\lombok-1.18.39-4050.jar -XX:+HeapDumpOnOutOfMemoryError -XX:HeapDumpPath=c:\Users\USER\AppData\Roaming\Code\User\workspaceStorage\ede50d81fbf39ec77962fb99da59fb81\redhat.java -Daether.dependencyCollector.impl=bf c:\Users\USER\.vscode\extensions\redhat.java-1.47.0-win32-x64\server\plugins\org.eclipse.equinox.launcher_1.7.100.v20251014-1222.jar -configuration c:\Users\USER\AppData\Roaming\Code\User\globalStorage\redhat.java\1.47.0\config_win -data c:\Users\USER\AppData\Roaming\Code\User\workspaceStorage\ede50d81fbf39ec77962fb99da59fb81\redhat.java\jdt_ws --pipe=\\.\pipe\lsp-f6635b5b043317efc3a02cdb7664257c-sock

Host: AMD Ryzen 7 5700X 8-Core Processor             , 16 cores, 15G,  Windows 11 , 64 bit Build 26100 (10.0.26100.7019)
Time: Tue Nov 18 23:40:40 2025 Malay Peninsula Standard Time elapsed time: 38272.832658 seconds (0d 10h 37m 52s)

---------------  T H R E A D  ---------------

Current thread (0x000002586cc36e90):  JavaThread "Attach Listener" daemon [_thread_in_vm, id=10152, stack(0x00000068e2800000,0x00000068e2900000) (1024K)]

Stack: [0x00000068e2800000,0x00000068e2900000]
Native frames: (J=compiled Java code, j=interpreted, Vv=VM code, C=native code)
V  [jvm.dll+0x6d2449]
V  [jvm.dll+0x8ae341]
V  [jvm.dll+0x8b08be]
V  [jvm.dll+0x8b0fa3]
V  [jvm.dll+0x280c96]
V  [jvm.dll+0xc0347]
V  [jvm.dll+0x6d2cf9]
V  [jvm.dll+0x131116]
V  [jvm.dll+0x3f2d16]
V  [jvm.dll+0x857e6b]
V  [jvm.dll+0x6d0b0d]
C  [ucrtbase.dll+0x37b0]
C  [KERNEL32.DLL+0x2e8d7]
C  [ntdll.dll+0x8c53c]


---------------  P R O C E S S  ---------------

Threads class SMR info:
_java_thread_list=0x000002584c4212b0, length=43, elements={
0x000002586a6ec2f0, 0x000002586cc343a0, 0x000002586cb3d6c0, 0x000002586cc36240,
0x000002586cc36e90, 0x000002586cc3d4a0, 0x000002586cc3f7d0, 0x000002586cc48f00,
0x000002586cc477f0, 0x0000025845a34a00, 0x0000025845a33650, 0x0000025845a35090,
0x0000025845a31c10, 0x0000025845a322a0, 0x0000025845a33ce0, 0x0000025845a32930,
0x0000025845a34370, 0x0000025845a32fc0, 0x000002584c988c80, 0x000002584c989310,
0x000002584c985e90, 0x000002584c9899a0, 0x000002584c987f60, 0x000002584c9885f0,
0x000002584c98a030, 0x000002584c986bb0, 0x000002584c98a6c0, 0x000002584c987240,
0x000002584c98ad50, 0x000002584c98d4b0, 0x000002584c98b3e0, 0x000002584c98c790,
0x000002584c98ce20, 0x000002584c98ba70, 0x000002584c98c100, 0x000002584fab8a10,
0x000002584faba450, 0x000002584fab90a0, 0x000002584fabaae0, 0x000002584fab9dc0,
0x000002584fab9730, 0x000002584fabb170, 0x000002584fabec80
}

Java Threads: ( => current thread )
  0x000002586a6ec2f0 JavaThread "main"                              [_thread_blocked, id=19568, stack(0x00000068e2100000,0x00000068e2200000) (1024K)]
  0x000002586cc343a0 JavaThread "Reference Handler"          daemon [_thread_blocked, id=26544, stack(0x00000068e2500000,0x00000068e2600000) (1024K)]
  0x000002586cb3d6c0 JavaThread "Finalizer"                  daemon [_thread_blocked, id=14024, stack(0x00000068e2600000,0x00000068e2700000) (1024K)]
  0x000002586cc36240 JavaThread "Signal Dispatcher"          daemon [_thread_blocked, id=7328, stack(0x00000068e2700000,0x00000068e2800000) (1024K)]
=>0x000002586cc36e90 JavaThread "Attach Listener"            daemon [_thread_in_vm, id=10152, stack(0x00000068e2800000,0x00000068e2900000) (1024K)]
  0x000002586cc3d4a0 JavaThread "Service Thread"             daemon [_thread_blocked, id=33680, stack(0x00000068e2900000,0x00000068e2a00000) (1024K)]
  0x000002586cc3f7d0 JavaThread "Monitor Deflation Thread"   daemon [_thread_blocked, id=30124, stack(0x00000068e2a00000,0x00000068e2b00000) (1024K)]
  0x000002586cc48f00 JavaThread "C2 CompilerThread0"         daemon [_thread_blocked, id=24944, stack(0x00000068e2b00000,0x00000068e2c00000) (1024K)]
  0x000002586cc477f0 JavaThread "C1 CompilerThread0"         daemon [_thread_blocked, id=4208, stack(0x00000068e2c00000,0x00000068e2d00000) (1024K)]
  0x0000025845a34a00 JavaThread "Common-Cleaner"             daemon [_thread_blocked, id=2768, stack(0x00000068e2d00000,0x00000068e2e00000) (1024K)]
  0x0000025845a33650 JavaThread "Notification Thread"        daemon [_thread_blocked, id=2836, stack(0x00000068e3100000,0x00000068e3200000) (1024K)]
  0x0000025845a35090 JavaThread "Active Thread: Equinox Container: 254b1499-9624-401f-8c70-6383ab5f6f08"        [_thread_blocked, id=28016, stack(0x00000068e3a00000,0x00000068e3b00000) (1024K)]
  0x0000025845a31c10 JavaThread "Refresh Thread: Equinox Container: 254b1499-9624-401f-8c70-6383ab5f6f08" daemon [_thread_blocked, id=13904, stack(0x00000068e3000000,0x00000068e3100000) (1024K)]
  0x0000025845a322a0 JavaThread "Framework Event Dispatcher: Equinox Container: 254b1499-9624-401f-8c70-6383ab5f6f08" daemon [_thread_blocked, id=32580, stack(0x00000068e3200000,0x00000068e3300000) (1024K)]
  0x0000025845a33ce0 JavaThread "Start Level: Equinox Container: 254b1499-9624-401f-8c70-6383ab5f6f08" daemon [_thread_blocked, id=23400, stack(0x00000068e3b00000,0x00000068e3c00000) (1024K)]
  0x0000025845a32930 JavaThread "Bundle File Closer"         daemon [_thread_blocked, id=28032, stack(0x00000068e4200000,0x00000068e4300000) (1024K)]
  0x0000025845a34370 JavaThread "SCR Component Actor"        daemon [_thread_blocked, id=16340, stack(0x00000068e3c00000,0x00000068e3d00000) (1024K)]
  0x0000025845a32fc0 JavaThread "Worker-JM"                         [_thread_blocked, id=33568, stack(0x00000068e4500000,0x00000068e4600000) (1024K)]
  0x000002584c988c80 JavaThread "JNA Cleaner"                daemon [_thread_blocked, id=15688, stack(0x00000068e4600000,0x00000068e4700000) (1024K)]
  0x000002584c989310 JavaThread "Worker-1"                          [_thread_blocked, id=3120, stack(0x00000068e4300000,0x00000068e4400000) (1024K)]
  0x000002584c985e90 JavaThread "Java indexing"              daemon [_thread_blocked, id=14120, stack(0x00000068e4b00000,0x00000068e4c00000) (1024K)]
  0x000002584c9899a0 JavaThread "Worker-2"                          [_thread_blocked, id=31032, stack(0x00000068e4f00000,0x00000068e5000000) (1024K)]
  0x000002584c987f60 JavaThread "Thread-1"                   daemon [_thread_in_native, id=7896, stack(0x00000068e5200000,0x00000068e5300000) (1024K)]
  0x000002584c9885f0 JavaThread "Thread-2"                   daemon [_thread_in_native, id=27476, stack(0x00000068e5300000,0x00000068e5400000) (1024K)]
  0x000002584c98a030 JavaThread "Thread-3"                   daemon [_thread_in_native, id=22960, stack(0x00000068e5400000,0x00000068e5500000) (1024K)]
  0x000002584c986bb0 JavaThread "Thread-4"                   daemon [_thread_in_native, id=27000, stack(0x00000068e5500000,0x00000068e5600000) (1024K)]
  0x000002584c98a6c0 JavaThread "Thread-5"                   daemon [_thread_in_native, id=8184, stack(0x00000068e5600000,0x00000068e5700000) (1024K)]
  0x000002584c987240 JavaThread "Thread-6"                   daemon [_thread_in_native, id=7560, stack(0x00000068e5700000,0x00000068e5800000) (1024K)]
  0x000002584c98ad50 JavaThread "Thread-7"                   daemon [_thread_in_native, id=7676, stack(0x00000068e5800000,0x00000068e5900000) (1024K)]
  0x000002584c98d4b0 JavaThread "Thread-8"                   daemon [_thread_in_native, id=19268, stack(0x00000068e5900000,0x00000068e5a00000) (1024K)]
  0x000002584c98b3e0 JavaThread "Thread-9"                   daemon [_thread_in_native, id=9096, stack(0x00000068e5a00000,0x00000068e5b00000) (1024K)]
  0x000002584c98c790 JavaThread "Thread-10"                  daemon [_thread_in_native, id=4516, stack(0x00000068e5b00000,0x00000068e5c00000) (1024K)]
  0x000002584c98ce20 JavaThread "Thread-11"                  daemon [_thread_in_native, id=31536, stack(0x00000068e5c00000,0x00000068e5d00000) (1024K)]
  0x000002584c98ba70 JavaThread "Thread-12"                  daemon [_thread_in_native, id=30052, stack(0x00000068e5d00000,0x00000068e5e00000) (1024K)]
  0x000002584c98c100 JavaThread "Thread-13"                  daemon [_thread_in_native, id=17864, stack(0x00000068e5e00000,0x00000068e5f00000) (1024K)]
  0x000002584fab8a10 JavaThread "Thread-14"                  daemon [_thread_in_native, id=18032, stack(0x00000068e5f00000,0x00000068e6000000) (1024K)]
  0x000002584faba450 JavaThread "Thread-15"                  daemon [_thread_in_native, id=31656, stack(0x00000068e6000000,0x00000068e6100000) (1024K)]
  0x000002584fab90a0 JavaThread "Thread-16"                  daemon [_thread_in_native, id=17940, stack(0x00000068e6100000,0x00000068e6200000) (1024K)]
  0x000002584fabaae0 JavaThread "Thread-17"                  daemon [_thread_in_native, id=14080, stack(0x00000068e6200000,0x00000068e6300000) (1024K)]
  0x000002584fab9dc0 JavaThread "pool-2-thread-1"                   [_thread_blocked, id=16572, stack(0x00000068e6300000,0x00000068e6400000) (1024K)]
  0x000002584fab9730 JavaThread "WorkspaceEventsHandler"            [_thread_blocked, id=5908, stack(0x00000068e6800000,0x00000068e6900000) (1024K)]
  0x000002584fabb170 JavaThread "pool-1-thread-1"                   [_thread_blocked, id=24636, stack(0x00000068e6900000,0x00000068e6a00000) (1024K)]
  0x000002584fabec80 JavaThread "Timer-0"                           [_thread_blocked, id=18156, stack(0x00000068e6500000,0x00000068e6600000) (1024K)]
Total: 43

Other Threads:
  0x000002586cb24920 VMThread "VM Thread"                           [id=32232, stack(0x00000068e2400000,0x00000068e2500000) (1024K)]
  0x000002586ca1ca00 WatcherThread "VM Periodic Task Thread"        [id=532, stack(0x00000068e2300000,0x00000068e2400000) (1024K)]
  0x000002586cbac580 WorkerThread "GC Thread#0"                     [id=13852, stack(0x00000068e2200000,0x00000068e2300000) (1024K)]
  0x000002584c0b6370 WorkerThread "GC Thread#1"                     [id=24976, stack(0x00000068e3400000,0x00000068e3500000) (1024K)]
  0x000002584c0b4ce0 WorkerThread "GC Thread#2"                     [id=19720, stack(0x00000068e3500000,0x00000068e3600000) (1024K)]
  0x000002584c1019f0 WorkerThread "GC Thread#3"                     [id=15300, stack(0x00000068e3600000,0x00000068e3700000) (1024K)]
  0x000002584c101d90 WorkerThread "GC Thread#4"                     [id=1824, stack(0x00000068e3700000,0x00000068e3800000) (1024K)]
  0x000002584c063b90 WorkerThread "GC Thread#5"                     [id=27480, stack(0x00000068e3800000,0x00000068e3900000) (1024K)]
  0x000002584c063f30 WorkerThread "GC Thread#6"                     [id=19368, stack(0x00000068e3900000,0x00000068e3a00000) (1024K)]
  0x000002584c052870 WorkerThread "GC Thread#7"                     [id=29212, stack(0x00000068e3300000,0x00000068e3400000) (1024K)]
  0x000002584c5c4e30 WorkerThread "GC Thread#8"                     [id=4860, stack(0x00000068e3f00000,0x00000068e4000000) (1024K)]
  0x000002584c55aa30 WorkerThread "GC Thread#9"                     [id=16232, stack(0x00000068e4000000,0x00000068e4100000) (1024K)]
  0x000002584c55a2f0 WorkerThread "GC Thread#10"                    [id=15212, stack(0x00000068e4100000,0x00000068e4200000) (1024K)]
  0x000002584c55b510 WorkerThread "GC Thread#11"                    [id=23408, stack(0x00000068e3d00000,0x00000068e3e00000) (1024K)]
  0x000002584c55add0 WorkerThread "GC Thread#12"                    [id=6816, stack(0x00000068e4400000,0x00000068e4500000) (1024K)]
Total: 15

Threads with active compile tasks:
Total: 0

VM state: not at safepoint (normal execution)

VM Mutex/Monitor currently owned by a thread: None

Heap address: 0x0000000080000000, size: 2048 MB, Compressed Oops mode: 32-bit

CDS archive(s) mapped at: [0x0000025804000000-0x0000025804ba0000-0x0000025804ba0000), size 12189696, SharedBaseAddress: 0x0000025804000000, ArchiveRelocationMode: 1.
Compressed class space mapped at: 0x0000025805000000-0x0000025845000000, reserved size: 1073741824
Narrow klass base: 0x0000025804000000, Narrow klass shift: 0, Narrow klass range: 0x100000000

GC Precious Log:
 CardTable entry size: 512
 CPUs: 16 total, 16 available
 Memory: 16306M
 Large Page Support: Disabled
 NUMA Support: Disabled
 Compressed Oops: Enabled (32-bit)
 Alignments: Space 512K, Generation 512K, Heap 2M
 Heap Min Capacity: 100M
 Heap Initial Capacity: 100M
 Heap Max Capacity: 2G
 Pre-touch: Disabled
 Parallel Workers: 13

Heap:
 PSYoungGen      total 16896K, used 12733K [0x00000000d5580000, 0x00000000d6780000, 0x0000000100000000)
  eden space 15360K, 75% used [0x00000000d5580000,0x00000000d60c90e0,0x00000000d6480000)
  from space 1536K, 76% used [0x00000000d6480000,0x00000000d65a6490,0x00000000d6600000)
  to   space 1536K, 0% used [0x00000000d6600000,0x00000000d6600000,0x00000000d6780000)
 ParOldGen       total 68608K, used 64999K [0x0000000080000000, 0x0000000084300000, 0x00000000d5580000)
  object space 68608K, 94% used [0x0000000080000000,0x0000000083f79f40,0x0000000084300000)
 Metaspace       used 64044K, committed 65472K, reserved 1114112K
  class space    used 7477K, committed 8128K, reserved 1048576K

Card table byte_map: [0x000002586c530000,0x000002586c940000] _byte_map_base: 0x000002586c130000

Marking Bits: (ParMarkBitMap*) 0x00007ff95588a340
 Begin Bits: [0x0000025800000000, 0x0000025802000000)
 End Bits:   [0x0000025802000000, 0x0000025804000000)

Polling page: 0x000002586c1d0000

Metaspace:

Usage:
  Non-class:     55.24 MB used.
      Class:      7.30 MB used.
       Both:     62.54 MB used.

Virtual space:
  Non-class space:       64.00 MB reserved,      56.00 MB ( 88%) committed,  1 nodes.
      Class space:        1.00 GB reserved,       7.94 MB ( <1%) committed,  1 nodes.
             Both:        1.06 GB reserved,      63.94 MB (  6%) committed. 

Chunk freelists:
   Non-Class:  7.89 MB
       Class:  8.04 MB
        Both:  15.93 MB

MaxMetaspaceSize: unlimited
CompressedClassSpaceSize: 1.00 GB
Initial GC threshold: 21.00 MB
Current GC threshold: 97.31 MB
CDS: on
 - commit_granule_bytes: 65536.
 - commit_granule_words: 8192.
 - virtual_space_node_default_size: 8388608.
 - enlarge_chunks_in_place: 1.
 - use_allocation_guard: 0.


Internal statistics:

num_allocs_failed_limit: 9.
num_arena_births: 1048.
num_arena_deaths: 14.
num_vsnodes_births: 2.
num_vsnodes_deaths: 0.
num_space_committed: 1023.
num_space_uncommitted: 0.
num_chunks_returned_to_freelist: 23.
num_chunks_taken_from_freelist: 3698.
num_chunk_merges: 12.
num_chunk_splits: 2356.
num_chunks_enlarged: 1459.
num_inconsistent_stats: 0.

CodeHeap 'non-profiled nmethods': size=119168Kb used=6042Kb max_used=6042Kb free=113125Kb
 bounds [0x0000025877920000, 0x0000025877f10000, 0x000002587ed80000]
CodeHeap 'profiled nmethods': size=119104Kb used=18198Kb max_used=18198Kb free=100905Kb
 bounds [0x000002586fd80000, 0x0000025870f50000, 0x00000258771d0000]
CodeHeap 'non-nmethods': size=7488Kb used=1424Kb max_used=3205Kb free=6063Kb
 bounds [0x00000258771d0000, 0x0000025877500000, 0x0000025877920000]
CodeCache: size=245760Kb, used=25664Kb, max_used=27445Kb, free=220093Kb
 total_blobs=9392, nmethods=8660, adapters=638, full_count=0
Compilation: enabled, stopped_count=0, restarted_count=0

Compilation events (20 events):
Event: 29417.660 Thread 0x000002586cc48f00 9487       4       java.util.concurrent.locks.AbstractQueuedSynchronizer$Node::clearStatus (12 bytes)
Event: 29417.660 Thread 0x000002586cc48f00 nmethod 9487 0x0000025877f04210 code [0x0000025877f043a0, 0x0000025877f04430]
Event: 31029.327 Thread 0x000002586cc48f00 9488       4       jdk.internal.misc.InnocuousThread::eraseThreadLocals (23 bytes)
Event: 31029.331 Thread 0x000002586cc48f00 nmethod 9488 0x0000025877f04510 code [0x0000025877f046a0, 0x0000025877f04730]
Event: 32059.692 Thread 0x000002586cc48f00 9489   !   4       java.util.concurrent.locks.AbstractQueuedSynchronizer$ConditionObject::newConditionNode (78 bytes)
Event: 32059.711 Thread 0x000002586cc48f00 nmethod 9489 0x0000025877f04810 code [0x0000025877f04a00, 0x0000025877f04d98]
Event: 32349.926 Thread 0x000002586cc48f00 9490       4       java.util.concurrent.locks.AbstractQueuedSynchronizer$ConditionObject::unlinkCancelledWaiters (91 bytes)
Event: 32349.928 Thread 0x000002586cc48f00 nmethod 9490 0x0000025877f05090 code [0x0000025877f05220, 0x0000025877f05388]
Event: 34468.580 Thread 0x000002586cc477f0 9491       1       org.eclipse.core.internal.jobs.InternalJob::getName (5 bytes)
Event: 34468.584 Thread 0x000002586cc477f0 nmethod 9491 0x0000025877f05510 code [0x0000025877f056a0, 0x0000025877f05768]
Event: 35368.593 Thread 0x000002586cc477f0 9492       3       org.eclipse.core.runtime.jobs.Job::setThread (6 bytes)
Event: 35368.598 Thread 0x000002586cc477f0 nmethod 9492 0x0000025870f45210 code [0x0000025870f453a0, 0x0000025870f454e0]
Event: 37168.655 Thread 0x000002586cc477f0 9493       3       org.eclipse.core.internal.jobs.JobListeners::queueEvent (15 bytes)
Event: 37168.663 Thread 0x000002586cc477f0 nmethod 9493 0x0000025870f45590 code [0x0000025870f45740, 0x0000025870f45928]
Event: 37168.663 Thread 0x000002586cc477f0 9494       1       org.eclipse.core.internal.jobs.InternalJob::setResult (6 bytes)
Event: 37168.665 Thread 0x000002586cc477f0 nmethod 9494 0x0000025877f05810 code [0x0000025877f059a0, 0x0000025877f05a88]
Event: 37651.299 Thread 0x000002586cc48f00 9495       4       java.util.concurrent.locks.AbstractQueuedSynchronizer$ConditionObject::enableWait (84 bytes)
Event: 37651.313 Thread 0x000002586cc48f00 nmethod 9495 0x0000025877f05b10 code [0x0000025877f05ce0, 0x0000025877f05fe8]
Event: 38068.677 Thread 0x000002586cc477f0 9496       1       org.eclipse.core.internal.jobs.InternalJob::getProgressMonitor (5 bytes)
Event: 38068.678 Thread 0x000002586cc477f0 nmethod 9496 0x0000025877f06290 code [0x0000025877f06420, 0x0000025877f064e8]

GC Heap History (20 events):
Event: 18.200 GC heap before
{Heap before GC invocations=37 (full 3):
 PSYoungGen      total 19456K, used 18240K [0x00000000d5580000, 0x00000000d6c00000, 0x0000000100000000)
  eden space 17920K, 100% used [0x00000000d5580000,0x00000000d6700000,0x00000000d6700000)
  from space 1536K, 20% used [0x00000000d6980000,0x00000000d69d0000,0x00000000d6b00000)
  to   space 1024K, 0% used [0x00000000d6b00000,0x00000000d6b00000,0x00000000d6c00000)
 ParOldGen       total 68608K, used 48103K [0x0000000080000000, 0x0000000084300000, 0x00000000d5580000)
  object space 68608K, 70% used [0x0000000080000000,0x0000000082ef9de0,0x0000000084300000)
 Metaspace       used 60392K, committed 61824K, reserved 1114112K
  class space    used 7121K, committed 7744K, reserved 1048576K
}
Event: 18.202 GC heap after
{Heap after GC invocations=37 (full 3):
 PSYoungGen      total 17920K, used 1014K [0x00000000d5580000, 0x00000000d7100000, 0x0000000100000000)
  eden space 16896K, 0% used [0x00000000d5580000,0x00000000d5580000,0x00000000d6600000)
  from space 1024K, 99% used [0x00000000d6b00000,0x00000000d6bfd818,0x00000000d6c00000)
  to   space 5120K, 0% used [0x00000000d6600000,0x00000000d6600000,0x00000000d6b00000)
 ParOldGen       total 68608K, used 51120K [0x0000000080000000, 0x0000000084300000, 0x00000000d5580000)
  object space 68608K, 74% used [0x0000000080000000,0x00000000831ec0f0,0x0000000084300000)
 Metaspace       used 60392K, committed 61824K, reserved 1114112K
  class space    used 7121K, committed 7744K, reserved 1048576K
}
Event: 18.329 GC heap before
{Heap before GC invocations=38 (full 3):
 PSYoungGen      total 17920K, used 17910K [0x00000000d5580000, 0x00000000d7100000, 0x0000000100000000)
  eden space 16896K, 100% used [0x00000000d5580000,0x00000000d6600000,0x00000000d6600000)
  from space 1024K, 99% used [0x00000000d6b00000,0x00000000d6bfd818,0x00000000d6c00000)
  to   space 5120K, 0% used [0x00000000d6600000,0x00000000d6600000,0x00000000d6b00000)
 ParOldGen       total 68608K, used 51120K [0x0000000080000000, 0x0000000084300000, 0x00000000d5580000)
  object space 68608K, 74% used [0x0000000080000000,0x00000000831ec0f0,0x0000000084300000)
 Metaspace       used 61480K, committed 62848K, reserved 1114112K
  class space    used 7219K, committed 7808K, reserved 1048576K
}
Event: 18.330 GC heap after
{Heap after GC invocations=38 (full 3):
 PSYoungGen      total 18944K, used 1760K [0x00000000d5580000, 0x00000000d6c00000, 0x0000000100000000)
  eden space 16896K, 0% used [0x00000000d5580000,0x00000000d5580000,0x00000000d6600000)
  from space 2048K, 85% used [0x00000000d6600000,0x00000000d67b8030,0x00000000d6800000)
  to   space 3072K, 0% used [0x00000000d6900000,0x00000000d6900000,0x00000000d6c00000)
 ParOldGen       total 68608K, used 51502K [0x0000000080000000, 0x0000000084300000, 0x00000000d5580000)
  object space 68608K, 75% used [0x0000000080000000,0x000000008324b818,0x0000000084300000)
 Metaspace       used 61480K, committed 62848K, reserved 1114112K
  class space    used 7219K, committed 7808K, reserved 1048576K
}
Event: 18.360 GC heap before
{Heap before GC invocations=39 (full 3):
 PSYoungGen      total 18944K, used 18656K [0x00000000d5580000, 0x00000000d6c00000, 0x0000000100000000)
  eden space 16896K, 100% used [0x00000000d5580000,0x00000000d6600000,0x00000000d6600000)
  from space 2048K, 85% used [0x00000000d6600000,0x00000000d67b8030,0x00000000d6800000)
  to   space 3072K, 0% used [0x00000000d6900000,0x00000000d6900000,0x00000000d6c00000)
 ParOldGen       total 68608K, used 51502K [0x0000000080000000, 0x0000000084300000, 0x00000000d5580000)
  object space 68608K, 75% used [0x0000000080000000,0x000000008324b818,0x0000000084300000)
 Metaspace       used 61516K, committed 62912K, reserved 1114112K
  class space    used 7223K, committed 7808K, reserved 1048576K
}
Event: 18.362 GC heap after
{Heap after GC invocations=39 (full 3):
 PSYoungGen      total 19456K, used 2129K [0x00000000d5580000, 0x00000000d6b80000, 0x0000000100000000)
  eden space 16896K, 0% used [0x00000000d5580000,0x00000000d5580000,0x00000000d6600000)
  from space 2560K, 83% used [0x00000000d6900000,0x00000000d6b14410,0x00000000d6b80000)
  to   space 2560K, 0% used [0x00000000d6680000,0x00000000d6680000,0x00000000d6900000)
 ParOldGen       total 68608K, used 53075K [0x0000000080000000, 0x0000000084300000, 0x00000000d5580000)
  object space 68608K, 77% used [0x0000000080000000,0x00000000833d4e90,0x0000000084300000)
 Metaspace       used 61516K, committed 62912K, reserved 1114112K
  class space    used 7223K, committed 7808K, reserved 1048576K
}
Event: 18.406 GC heap before
{Heap before GC invocations=40 (full 3):
 PSYoungGen      total 19456K, used 19025K [0x00000000d5580000, 0x00000000d6b80000, 0x0000000100000000)
  eden space 16896K, 100% used [0x00000000d5580000,0x00000000d6600000,0x00000000d6600000)
  from space 2560K, 83% used [0x00000000d6900000,0x00000000d6b14410,0x00000000d6b80000)
  to   space 2560K, 0% used [0x00000000d6680000,0x00000000d6680000,0x00000000d6900000)
 ParOldGen       total 68608K, used 53075K [0x0000000080000000, 0x0000000084300000, 0x00000000d5580000)
  object space 68608K, 77% used [0x0000000080000000,0x00000000833d4e90,0x0000000084300000)
 Metaspace       used 61875K, committed 63232K, reserved 1114112K
  class space    used 7277K, committed 7872K, reserved 1048576K
}
Event: 18.408 GC heap after
{Heap after GC invocations=40 (full 3):
 PSYoungGen      total 19456K, used 2080K [0x00000000d5580000, 0x00000000d6b00000, 0x0000000100000000)
  eden space 16896K, 0% used [0x00000000d5580000,0x00000000d5580000,0x00000000d6600000)
  from space 2560K, 81% used [0x00000000d6680000,0x00000000d6888020,0x00000000d6900000)
  to   space 2048K, 0% used [0x00000000d6900000,0x00000000d6900000,0x00000000d6b00000)
 ParOldGen       total 68608K, used 55028K [0x0000000080000000, 0x0000000084300000, 0x00000000d5580000)
  object space 68608K, 80% used [0x0000000080000000,0x00000000835bd290,0x0000000084300000)
 Metaspace       used 61875K, committed 63232K, reserved 1114112K
  class space    used 7277K, committed 7872K, reserved 1048576K
}
Event: 18.435 GC heap before
{Heap before GC invocations=41 (full 3):
 PSYoungGen      total 19456K, used 18976K [0x00000000d5580000, 0x00000000d6b00000, 0x0000000100000000)
  eden space 16896K, 100% used [0x00000000d5580000,0x00000000d6600000,0x00000000d6600000)
  from space 2560K, 81% used [0x00000000d6680000,0x00000000d6888020,0x00000000d6900000)
  to   space 2048K, 0% used [0x00000000d6900000,0x00000000d6900000,0x00000000d6b00000)
 ParOldGen       total 68608K, used 55028K [0x0000000080000000, 0x0000000084300000, 0x00000000d5580000)
  object space 68608K, 80% used [0x0000000080000000,0x00000000835bd290,0x0000000084300000)
 Metaspace       used 61891K, committed 63232K, reserved 1114112K
  class space    used 7277K, committed 7872K, reserved 1048576K
}
Event: 18.437 GC heap after
{Heap after GC invocations=41 (full 3):
 PSYoungGen      total 17408K, used 2018K [0x00000000d5580000, 0x00000000d6f00000, 0x0000000100000000)
  eden space 15360K, 0% used [0x00000000d5580000,0x00000000d5580000,0x00000000d6480000)
  from space 2048K, 98% used [0x00000000d6900000,0x00000000d6af8800,0x00000000d6b00000)
  to   space 4608K, 0% used [0x00000000d6480000,0x00000000d6480000,0x00000000d6900000)
 ParOldGen       total 68608K, used 56879K [0x0000000080000000, 0x0000000084300000, 0x00000000d5580000)
  object space 68608K, 82% used [0x0000000080000000,0x000000008378bf80,0x0000000084300000)
 Metaspace       used 61891K, committed 63232K, reserved 1114112K
  class space    used 7277K, committed 7872K, reserved 1048576K
}
Event: 18.465 GC heap before
{Heap before GC invocations=42 (full 3):
 PSYoungGen      total 17408K, used 17378K [0x00000000d5580000, 0x00000000d6f00000, 0x0000000100000000)
  eden space 15360K, 100% used [0x00000000d5580000,0x00000000d6480000,0x00000000d6480000)
  from space 2048K, 98% used [0x00000000d6900000,0x00000000d6af8800,0x00000000d6b00000)
  to   space 4608K, 0% used [0x00000000d6480000,0x00000000d6480000,0x00000000d6900000)
 ParOldGen       total 68608K, used 56879K [0x0000000080000000, 0x0000000084300000, 0x00000000d5580000)
  object space 68608K, 82% used [0x0000000080000000,0x000000008378bf80,0x0000000084300000)
 Metaspace       used 61895K, committed 63232K, reserved 1114112K
  class space    used 7277K, committed 7872K, reserved 1048576K
}
Event: 18.466 GC heap after
{Heap after GC invocations=42 (full 3):
 PSYoungGen      total 17408K, used 1828K [0x00000000d5580000, 0x00000000d6a80000, 0x0000000100000000)
  eden space 15360K, 0% used [0x00000000d5580000,0x00000000d5580000,0x00000000d6480000)
  from space 2048K, 89% used [0x00000000d6480000,0x00000000d6649000,0x00000000d6680000)
  to   space 3072K, 0% used [0x00000000d6780000,0x00000000d6780000,0x00000000d6a80000)
 ParOldGen       total 68608K, used 58654K [0x0000000080000000, 0x0000000084300000, 0x00000000d5580000)
  object space 68608K, 85% used [0x0000000080000000,0x0000000083947930,0x0000000084300000)
 Metaspace       used 61895K, committed 63232K, reserved 1114112K
  class space    used 7277K, committed 7872K, reserved 1048576K
}
Event: 18.493 GC heap before
{Heap before GC invocations=43 (full 3):
 PSYoungGen      total 17408K, used 17188K [0x00000000d5580000, 0x00000000d6a80000, 0x0000000100000000)
  eden space 15360K, 100% used [0x00000000d5580000,0x00000000d6480000,0x00000000d6480000)
  from space 2048K, 89% used [0x00000000d6480000,0x00000000d6649000,0x00000000d6680000)
  to   space 3072K, 0% used [0x00000000d6780000,0x00000000d6780000,0x00000000d6a80000)
 ParOldGen       total 68608K, used 58654K [0x0000000080000000, 0x0000000084300000, 0x00000000d5580000)
  object space 68608K, 85% used [0x0000000080000000,0x0000000083947930,0x0000000084300000)
 Metaspace       used 61923K, committed 63360K, reserved 1114112K
  class space    used 7279K, committed 7872K, reserved 1048576K
}
Event: 18.497 GC heap after
{Heap after GC invocations=43 (full 3):
 PSYoungGen      total 17408K, used 1664K [0x00000000d5580000, 0x00000000d6980000, 0x0000000100000000)
  eden space 15360K, 0% used [0x00000000d5580000,0x00000000d5580000,0x00000000d6480000)
  from space 2048K, 81% used [0x00000000d6780000,0x00000000d6920000,0x00000000d6980000)
  to   space 2048K, 0% used [0x00000000d6480000,0x00000000d6480000,0x00000000d6680000)
 ParOldGen       total 68608K, used 60395K [0x0000000080000000, 0x0000000084300000, 0x00000000d5580000)
  object space 68608K, 88% used [0x0000000080000000,0x0000000083afaf58,0x0000000084300000)
 Metaspace       used 61923K, committed 63360K, reserved 1114112K
  class space    used 7279K, committed 7872K, reserved 1048576K
}
Event: 18.531 GC heap before
{Heap before GC invocations=44 (full 3):
 PSYoungGen      total 17408K, used 17024K [0x00000000d5580000, 0x00000000d6980000, 0x0000000100000000)
  eden space 15360K, 100% used [0x00000000d5580000,0x00000000d6480000,0x00000000d6480000)
  from space 2048K, 81% used [0x00000000d6780000,0x00000000d6920000,0x00000000d6980000)
  to   space 2048K, 0% used [0x00000000d6480000,0x00000000d6480000,0x00000000d6680000)
 ParOldGen       total 68608K, used 60395K [0x0000000080000000, 0x0000000084300000, 0x00000000d5580000)
  object space 68608K, 88% used [0x0000000080000000,0x0000000083afaf58,0x0000000084300000)
 Metaspace       used 61949K, committed 63360K, reserved 1114112K
  class space    used 7280K, committed 7872K, reserved 1048576K
}
Event: 18.533 GC heap after
{Heap after GC invocations=44 (full 3):
 PSYoungGen      total 17408K, used 1920K [0x00000000d5580000, 0x00000000d6880000, 0x0000000100000000)
  eden space 15360K, 0% used [0x00000000d5580000,0x00000000d5580000,0x00000000d6480000)
  from space 2048K, 93% used [0x00000000d6480000,0x00000000d6660010,0x00000000d6680000)
  to   space 2048K, 0% used [0x00000000d6680000,0x00000000d6680000,0x00000000d6880000)
 ParOldGen       total 68608K, used 61915K [0x0000000080000000, 0x0000000084300000, 0x00000000d5580000)
  object space 68608K, 90% used [0x0000000080000000,0x0000000083c76f58,0x0000000084300000)
 Metaspace       used 61949K, committed 63360K, reserved 1114112K
  class space    used 7280K, committed 7872K, reserved 1048576K
}
Event: 18.592 GC heap before
{Heap before GC invocations=45 (full 3):
 PSYoungGen      total 17408K, used 17280K [0x00000000d5580000, 0x00000000d6880000, 0x0000000100000000)
  eden space 15360K, 100% used [0x00000000d5580000,0x00000000d6480000,0x00000000d6480000)
  from space 2048K, 93% used [0x00000000d6480000,0x00000000d6660010,0x00000000d6680000)
  to   space 2048K, 0% used [0x00000000d6680000,0x00000000d6680000,0x00000000d6880000)
 ParOldGen       total 68608K, used 61915K [0x0000000080000000, 0x0000000084300000, 0x00000000d5580000)
  object space 68608K, 90% used [0x0000000080000000,0x0000000083c76f58,0x0000000084300000)
 Metaspace       used 62310K, committed 63616K, reserved 1114112K
  class space    used 7316K, committed 7872K, reserved 1048576K
}
Event: 18.594 GC heap after
{Heap after GC invocations=45 (full 3):
 PSYoungGen      total 17408K, used 1472K [0x00000000d5580000, 0x00000000d6880000, 0x0000000100000000)
  eden space 15360K, 0% used [0x00000000d5580000,0x00000000d5580000,0x00000000d6480000)
  from space 2048K, 71% used [0x00000000d6680000,0x00000000d67f0020,0x00000000d6880000)
  to   space 2048K, 0% used [0x00000000d6480000,0x00000000d6480000,0x00000000d6680000)
 ParOldGen       total 68608K, used 63684K [0x0000000080000000, 0x0000000084300000, 0x00000000d5580000)
  object space 68608K, 92% used [0x0000000080000000,0x0000000083e31168,0x0000000084300000)
 Metaspace       used 62310K, committed 63616K, reserved 1114112K
  class space    used 7316K, committed 7872K, reserved 1048576K
}
Event: 25868.671 GC heap before
{Heap before GC invocations=46 (full 3):
 PSYoungGen      total 17408K, used 16832K [0x00000000d5580000, 0x00000000d6880000, 0x0000000100000000)
  eden space 15360K, 100% used [0x00000000d5580000,0x00000000d6480000,0x00000000d6480000)
  from space 2048K, 71% used [0x00000000d6680000,0x00000000d67f0020,0x00000000d6880000)
  to   space 2048K, 0% used [0x00000000d6480000,0x00000000d6480000,0x00000000d6680000)
 ParOldGen       total 68608K, used 63684K [0x0000000080000000, 0x0000000084300000, 0x00000000d5580000)
  object space 68608K, 92% used [0x0000000080000000,0x0000000083e31168,0x0000000084300000)
 Metaspace       used 63454K, committed 64896K, reserved 1114112K
  class space    used 7427K, committed 8064K, reserved 1048576K
}
Event: 25868.704 GC heap after
{Heap after GC invocations=46 (full 3):
 PSYoungGen      total 16896K, used 1177K [0x00000000d5580000, 0x00000000d6780000, 0x0000000100000000)
  eden space 15360K, 0% used [0x00000000d5580000,0x00000000d5580000,0x00000000d6480000)
  from space 1536K, 76% used [0x00000000d6480000,0x00000000d65a6490,0x00000000d6600000)
  to   space 1536K, 0% used [0x00000000d6600000,0x00000000d6600000,0x00000000d6780000)
 ParOldGen       total 68608K, used 64999K [0x0000000080000000, 0x0000000084300000, 0x00000000d5580000)
  object space 68608K, 94% used [0x0000000080000000,0x0000000083f79f40,0x0000000084300000)
 Metaspace       used 63454K, committed 64896K, reserved 1114112K
  class space    used 7427K, committed 8064K, reserved 1048576K
}

Dll operation events (15 events):
Event: 0.009 Loaded shared library c:\Users\USER\.vscode\extensions\redhat.java-1.47.0-win32-x64\jre\21.0.8-win32-x86_64\bin\java.dll
Event: 0.064 Loaded shared library c:\Users\USER\.vscode\extensions\redhat.java-1.47.0-win32-x64\jre\21.0.8-win32-x86_64\bin\zip.dll
Event: 0.082 Loaded shared library C:\Users\USER\.vscode\extensions\redhat.java-1.47.0-win32-x64\jre\21.0.8-win32-x86_64\bin\instrument.dll
Event: 0.088 Loaded shared library C:\Users\USER\.vscode\extensions\redhat.java-1.47.0-win32-x64\jre\21.0.8-win32-x86_64\bin\net.dll
Event: 0.090 Loaded shared library C:\Users\USER\.vscode\extensions\redhat.java-1.47.0-win32-x64\jre\21.0.8-win32-x86_64\bin\nio.dll
Event: 0.093 Loaded shared library C:\Users\USER\.vscode\extensions\redhat.java-1.47.0-win32-x64\jre\21.0.8-win32-x86_64\bin\zip.dll
Event: 0.104 Loaded shared library C:\Users\USER\.vscode\extensions\redhat.java-1.47.0-win32-x64\jre\21.0.8-win32-x86_64\bin\jimage.dll
Event: 0.166 Loaded shared library c:\Users\USER\.vscode\extensions\redhat.java-1.47.0-win32-x64\jre\21.0.8-win32-x86_64\bin\verify.dll
Event: 2.973 Loaded shared library C:\Users\USER\AppData\Roaming\Code\User\globalStorage\redhat.java\1.47.0\config_win\org.eclipse.equinox.launcher\org.eclipse.equinox.launcher.win32.win32.x86_64_1.2.1400.v20250801-0854\eclipse_11916.dll
Event: 6.373 Loaded shared library C:\Users\USER\AppData\Local\Temp\jna-2614219\jna2679232410588327833.dll
Event: 7.732 Loaded shared library C:\Users\USER\.vscode\extensions\redhat.java-1.47.0-win32-x64\jre\21.0.8-win32-x86_64\bin\sunmscapi.dll
Event: 7.797 Loaded shared library C:\Users\USER\.vscode\extensions\redhat.java-1.47.0-win32-x64\jre\21.0.8-win32-x86_64\bin\extnet.dll
Event: 14.021 Loaded shared library C:\Users\USER\.gradle\native\1def1411415f61bf3af743bc5b6707747c0891f09f0c88961ee8f79bc544acac\windows-amd64\native-platform.dll
Event: 17.703 Loaded shared library C:\Users\USER\.vscode\extensions\redhat.java-1.47.0-win32-x64\jre\21.0.8-win32-x86_64\bin\management.dll
Event: 17.705 Loaded shared library C:\Users\USER\.vscode\extensions\redhat.java-1.47.0-win32-x64\jre\21.0.8-win32-x86_64\bin\management_ext.dll

Deoptimization events (20 events):
Event: 26168.504 Thread 0x000002584c9899a0 DEOPT PACKING pc=0x0000025877e9f00c sp=0x00000068e4ffefa0
Event: 26168.504 Thread 0x000002584c9899a0 DEOPT UNPACKING pc=0x0000025877223aa2 sp=0x00000068e4ffef58 mode 2
Event: 26168.504 Thread 0x000002584c9899a0 Uncommon trap: trap_request=0xffffffde fr.pc=0x0000025877e9f00c relative=0x00000000000002ec
Event: 26168.504 Thread 0x000002584c9899a0 Uncommon trap: reason=class_check action=maybe_recompile pc=0x0000025877e9f00c method=java.io.DataOutputStream.writeByte(I)V @ 5 c2
Event: 26168.504 Thread 0x000002584c9899a0 DEOPT PACKING pc=0x0000025877e9f00c sp=0x00000068e4ffefa0
Event: 26168.504 Thread 0x000002584c9899a0 DEOPT UNPACKING pc=0x0000025877223aa2 sp=0x00000068e4ffef58 mode 2
Event: 26168.504 Thread 0x000002584c9899a0 Uncommon trap: trap_request=0xffffffde fr.pc=0x0000025877e9f00c relative=0x00000000000002ec
Event: 26168.504 Thread 0x000002584c9899a0 Uncommon trap: reason=class_check action=maybe_recompile pc=0x0000025877e9f00c method=java.io.DataOutputStream.writeByte(I)V @ 5 c2
Event: 26168.504 Thread 0x000002584c9899a0 DEOPT PACKING pc=0x0000025877e9f00c sp=0x00000068e4ffefa0
Event: 26168.504 Thread 0x000002584c9899a0 DEOPT UNPACKING pc=0x0000025877223aa2 sp=0x00000068e4ffef58 mode 2
Event: 26168.504 Thread 0x000002584c9899a0 Uncommon trap: trap_request=0xffffffde fr.pc=0x0000025877e9a1f4 relative=0x00000000000003b4
Event: 26168.504 Thread 0x000002584c9899a0 Uncommon trap: reason=class_check action=maybe_recompile pc=0x0000025877e9a1f4 method=java.io.DataOutputStream.writeInt(I)V @ 19 c2
Event: 26168.504 Thread 0x000002584c9899a0 DEOPT PACKING pc=0x0000025877e9a1f4 sp=0x00000068e4ffe7e0
Event: 26168.504 Thread 0x000002584c9899a0 DEOPT UNPACKING pc=0x0000025877223aa2 sp=0x00000068e4ffe788 mode 2
Event: 26168.504 Thread 0x000002584c9899a0 Uncommon trap: trap_request=0xffffffde fr.pc=0x0000025877e9a1f4 relative=0x00000000000003b4
Event: 26168.504 Thread 0x000002584c9899a0 Uncommon trap: reason=class_check action=maybe_recompile pc=0x0000025877e9a1f4 method=java.io.DataOutputStream.writeInt(I)V @ 19 c2
Event: 26168.504 Thread 0x000002584c9899a0 DEOPT PACKING pc=0x0000025877e9a1f4 sp=0x00000068e4ffe780
Event: 26168.504 Thread 0x000002584c9899a0 DEOPT UNPACKING pc=0x0000025877223aa2 sp=0x00000068e4ffe728 mode 2
Event: 29031.729 Thread 0x000002584fabec80 DEOPT PACKING pc=0x0000025870e8faab sp=0x00000068e65ff570
Event: 29031.729 Thread 0x000002584fabec80 DEOPT UNPACKING pc=0x0000025877224242 sp=0x00000068e65fea58 mode 0

Classes loaded (20 events):
Event: 26168.471 Loading class java/util/stream/Nodes$CollectorTask$OfRef
Event: 26168.472 Loading class java/util/stream/Nodes$CollectorTask
Event: 26168.473 Loading class java/util/stream/Nodes$CollectorTask done
Event: 26168.473 Loading class java/util/stream/Nodes$CollectorTask$OfRef done
Event: 26168.473 Loading class java/util/function/LongFunction
Event: 26168.474 Loading class java/util/function/LongFunction done
Event: 26168.475 Loading class java/util/stream/Nodes$ConcNode
Event: 26168.475 Loading class java/util/stream/Nodes$AbstractConcNode
Event: 26168.475 Loading class java/util/stream/Nodes$AbstractConcNode done
Event: 26168.475 Loading class java/util/stream/Nodes$ConcNode done
Event: 26168.490 Loading class java/util/stream/Nodes$ToArrayTask$OfRef
Event: 26168.491 Loading class java/util/stream/Nodes$ToArrayTask
Event: 26168.491 Loading class java/util/stream/Nodes$ToArrayTask done
Event: 26168.491 Loading class java/util/stream/Nodes$ToArrayTask$OfRef done
Event: 26168.495 Loading class java/io/ObjectOutputStream$BlockDataOutputStream
Event: 26168.496 Loading class java/io/ObjectOutputStream$BlockDataOutputStream done
Event: 26168.496 Loading class java/io/ObjectOutputStream$HandleTable
Event: 26168.496 Loading class java/io/ObjectOutputStream$HandleTable done
Event: 26168.496 Loading class java/io/ObjectOutputStream$ReplaceTable
Event: 26168.496 Loading class java/io/ObjectOutputStream$ReplaceTable done

Classes unloaded (7 events):
Event: 6.937 Thread 0x000002586cb24920 Unloading class 0x00000258051b0c00 'java/lang/invoke/LambdaForm$MH+0x00000258051b0c00'
Event: 6.937 Thread 0x000002586cb24920 Unloading class 0x00000258051b0800 'java/lang/invoke/LambdaForm$MH+0x00000258051b0800'
Event: 6.937 Thread 0x000002586cb24920 Unloading class 0x00000258051b0400 'java/lang/invoke/LambdaForm$MH+0x00000258051b0400'
Event: 6.937 Thread 0x000002586cb24920 Unloading class 0x00000258051b0000 'java/lang/invoke/LambdaForm$MH+0x00000258051b0000'
Event: 6.937 Thread 0x000002586cb24920 Unloading class 0x00000258051afc00 'java/lang/invoke/LambdaForm$BMH+0x00000258051afc00'
Event: 6.937 Thread 0x000002586cb24920 Unloading class 0x00000258051af800 'java/lang/invoke/LambdaForm$DMH+0x00000258051af800'
Event: 6.937 Thread 0x000002586cb24920 Unloading class 0x00000258051ae400 'java/lang/invoke/LambdaForm$DMH+0x00000258051ae400'

Classes redefined (0 events):
No events

Internal exceptions (20 events):
Event: 18.572 Thread 0x000002584fce5820 Exception <a 'sun/nio/fs/WindowsException'{0x00000000d6260a70}> (0x00000000d6260a70) 
thrown [s\src\hotspot\share\prims\jni.cpp, line 520]
Event: 18.572 Thread 0x000002584fce5820 Exception <a 'sun/nio/fs/WindowsException'{0x00000000d6261a78}> (0x00000000d6261a78) 
thrown [s\src\hotspot\share\prims\jni.cpp, line 520]
Event: 18.572 Thread 0x000002584fce5820 Exception <a 'sun/nio/fs/WindowsException'{0x00000000d6262440}> (0x00000000d6262440) 
thrown [s\src\hotspot\share\prims\jni.cpp, line 520]
Event: 18.572 Thread 0x000002584fce5820 Exception <a 'sun/nio/fs/WindowsException'{0x00000000d6263dd8}> (0x00000000d6263dd8) 
thrown [s\src\hotspot\share\prims\jni.cpp, line 520]
Event: 18.572 Thread 0x000002584fce5820 Exception <a 'sun/nio/fs/WindowsException'{0x00000000d62647a0}> (0x00000000d62647a0) 
thrown [s\src\hotspot\share\prims\jni.cpp, line 520]
Event: 18.596 Thread 0x000002584fabe5f0 Exception <a 'sun/nio/fs/WindowsException'{0x00000000d55e2978}> (0x00000000d55e2978) 
thrown [s\src\hotspot\share\prims\jni.cpp, line 520]
Event: 18.596 Thread 0x000002584fabe5f0 Exception <a 'sun/nio/fs/WindowsException'{0x00000000d55e3360}> (0x00000000d55e3360) 
thrown [s\src\hotspot\share\prims\jni.cpp, line 520]
Event: 1206.705 Thread 0x000002584c9899a0 Implicit null exception at 0x0000025877eb3763 to 0x0000025877eb4158
Event: 25868.133 Thread 0x000002584fab9730 Exception <a 'sun/nio/fs/WindowsException'{0x00000000d5f05620}> (0x00000000d5f05620) 
thrown [s\src\hotspot\share\prims\jni.cpp, line 520]
Event: 25868.134 Thread 0x000002584fab9730 Exception <a 'sun/nio/fs/WindowsException'{0x00000000d5f06008}> (0x00000000d5f06008) 
thrown [s\src\hotspot\share\prims\jni.cpp, line 520]
Event: 25868.214 Thread 0x000002584fab9730 Exception <a 'java/lang/NoSuchMethodError'{0x00000000d5f5a740}: 'java.lang.Object java.lang.invoke.DirectMethodHandle$Holder.invokeStatic(java.lang.Object, java.lang.Object, int, java.lang.Object)'> (0x00000000d5f5a740) 
thrown [s\src\hotspot\share\interpreter\linkResolver.cpp, line 773]
Event: 25868.221 Thread 0x000002584fab9730 Exception <a 'java/lang/NoSuchMethodError'{0x00000000d5f61500}: 'java.lang.Object java.lang.invoke.DirectMethodHandle$Holder.newInvokeSpecial(java.lang.Object, java.lang.Object, int)'> (0x00000000d5f61500) 
thrown [s\src\hotspot\share\interpreter\linkResolver.cpp, line 773]
Event: 25868.412 Thread 0x000002584fab9730 Exception <a 'java/io/FileNotFoundException'{0x00000000d61d8298}> (0x00000000d61d8298) 
thrown [s\src\hotspot\share\prims\jni.cpp, line 520]
Event: 25868.412 Thread 0x000002584fab9730 Exception <a 'java/io/FileNotFoundException'{0x00000000d61d92a8}> (0x00000000d61d92a8) 
thrown [s\src\hotspot\share\prims\jni.cpp, line 520]
Event: 25868.707 Thread 0x000002584c989310 Exception <a 'java/io/FileNotFoundException'{0x00000000d559e4b0}> (0x00000000d559e4b0) 
thrown [s\src\hotspot\share\prims\jni.cpp, line 520]
Event: 25868.707 Thread 0x000002584c989310 Exception <a 'java/io/FileNotFoundException'{0x00000000d559f768}> (0x00000000d559f768) 
thrown [s\src\hotspot\share\prims\jni.cpp, line 520]
Event: 25868.708 Thread 0x000002584c989310 Exception <a 'java/io/FileNotFoundException'{0x00000000d55a0778}> (0x00000000d55a0778) 
thrown [s\src\hotspot\share\prims\jni.cpp, line 520]
Event: 26168.485 Thread 0x000002584c9899a0 Exception <a 'sun/nio/fs/WindowsException'{0x00000000d5e39c70}> (0x00000000d5e39c70) 
thrown [s\src\hotspot\share\prims\jni.cpp, line 520]
Event: 26168.485 Thread 0x000002584c9899a0 Exception <a 'sun/nio/fs/WindowsException'{0x00000000d5e3a638}> (0x00000000d5e3a638) 
thrown [s\src\hotspot\share\prims\jni.cpp, line 520]
Event: 26168.507 Thread 0x000002584c9899a0 Exception <a 'java/lang/NoSuchMethodError'{0x00000000d5e9e830}: 'java.lang.Object java.lang.invoke.DirectMethodHandle$Holder.newInvokeSpecial(java.lang.Object, java.lang.Object, java.lang.Object, java.lang.Object, java.lang.Object, java.lang.Object, java.lang.Object, java.lang.Object)'> (0x00000000d5e9e830) 
thrown [s\src\hotspot\share\interpreter\linkResolver.cpp, line 773]

ZGC Phase Switch (0 events):
No events

VM Operations (20 events):
Event: 37982.558 Executing VM operation: HandshakeAllThreads (HandshakeForDeflation)
Event: 37982.558 Executing VM operation: HandshakeAllThreads (HandshakeForDeflation) done
Event: 37982.558 Executing VM operation: RendezvousGCThreads
Event: 37982.558 Executing VM operation: RendezvousGCThreads done
Event: 38042.596 Executing VM operation: HandshakeAllThreads (HandshakeForDeflation)
Event: 38042.596 Executing VM operation: HandshakeAllThreads (HandshakeForDeflation) done
Event: 38042.596 Executing VM operation: RendezvousGCThreads
Event: 38042.596 Executing VM operation: RendezvousGCThreads done
Event: 38102.692 Executing VM operation: HandshakeAllThreads (HandshakeForDeflation)
Event: 38102.692 Executing VM operation: HandshakeAllThreads (HandshakeForDeflation) done
Event: 38102.692 Executing VM operation: RendezvousGCThreads
Event: 38102.692 Executing VM operation: RendezvousGCThreads done
Event: 38162.728 Executing VM operation: HandshakeAllThreads (HandshakeForDeflation)
Event: 38162.728 Executing VM operation: HandshakeAllThreads (HandshakeForDeflation) done
Event: 38162.728 Executing VM operation: RendezvousGCThreads
Event: 38162.728 Executing VM operation: RendezvousGCThreads done
Event: 38222.740 Executing VM operation: HandshakeAllThreads (HandshakeForDeflation)
Event: 38222.740 Executing VM operation: HandshakeAllThreads (HandshakeForDeflation) done
Event: 38222.740 Executing VM operation: RendezvousGCThreads
Event: 38222.740 Executing VM operation: RendezvousGCThreads done

Memory protections (0 events):
No events

Nmethod flushes (20 events):
Event: 17.665 Thread 0x000002586cb24920 flushing  nmethod 0x0000025870734f10
Event: 17.665 Thread 0x000002586cb24920 flushing  nmethod 0x0000025870735510
Event: 17.665 Thread 0x000002586cb24920 flushing  nmethod 0x0000025870736410
Event: 17.665 Thread 0x000002586cb24920 flushing  nmethod 0x0000025870736c90
Event: 17.665 Thread 0x000002586cb24920 flushing  nmethod 0x0000025870737010
Event: 17.665 Thread 0x000002586cb24920 flushing  nmethod 0x0000025870738490
Event: 17.665 Thread 0x000002586cb24920 flushing  nmethod 0x000002587075b010
Event: 17.665 Thread 0x000002586cb24920 flushing  nmethod 0x000002587075b610
Event: 17.665 Thread 0x000002586cb24920 flushing  nmethod 0x0000025870771a10
Event: 17.665 Thread 0x000002586cb24920 flushing  nmethod 0x0000025870778790
Event: 17.665 Thread 0x000002586cb24920 flushing  nmethod 0x0000025870790810
Event: 17.665 Thread 0x000002586cb24920 flushing  nmethod 0x0000025870791610
Event: 17.665 Thread 0x000002586cb24920 flushing  nmethod 0x0000025870793a10
Event: 17.665 Thread 0x000002586cb24920 flushing  nmethod 0x00000258707d4490
Event: 17.665 Thread 0x000002586cb24920 flushing  nmethod 0x00000258707d4f90
Event: 17.665 Thread 0x000002586cb24920 flushing  nmethod 0x00000258707dd910
Event: 17.665 Thread 0x000002586cb24920 flushing  nmethod 0x00000258707ecd90
Event: 17.665 Thread 0x000002586cb24920 flushing  nmethod 0x0000025870800990
Event: 17.665 Thread 0x000002586cb24920 flushing  nmethod 0x0000025870809c90
Event: 17.665 Thread 0x000002586cb24920 flushing  nmethod 0x0000025870838a10

Events (20 events):
Event: 78.213 Thread 0x000002584c9878d0 Thread exited: 0x000002584c9878d0
Event: 78.605 Thread 0x000002584fabe5f0 Thread exited: 0x000002584fabe5f0
Event: 79.205 Thread 0x000002584fabb800 Thread exited: 0x000002584fabb800
Event: 79.205 Thread 0x000002584c986520 Thread exited: 0x000002584c986520
Event: 79.205 Thread 0x000002584fab8380 Thread exited: 0x000002584fab8380
Event: 138.605 Thread 0x000002584fce5820 Thread exited: 0x000002584fce5820
Event: 198.616 Thread 0x000002584fabf310 Thread exited: 0x000002584fabf310
Event: 258.621 Thread 0x000002584fabd240 Thread exited: 0x000002584fabd240
Event: 25868.460 Thread 0x000002586cc477f0 Thread added: 0x00000258506ca9e0
Event: 25871.707 Thread 0x000002586cc48f00 Thread added: 0x00000258506c87d0
Event: 25871.815 Thread 0x00000258506ca9e0 Thread added: 0x00000258506c7a30
Event: 25873.168 Thread 0x00000258506c87d0 Thread exited: 0x00000258506c87d0
Event: 25873.168 Thread 0x00000258506c7a30 Thread exited: 0x00000258506c7a30
Event: 25873.168 Thread 0x00000258506ca9e0 Thread exited: 0x00000258506ca9e0
Event: 26168.467 Thread 0x000002584c9899a0 Thread added: 0x000002584fce4b00
Event: 26168.476 Thread 0x000002584fce4b00 Thread exited: 0x000002584fce4b00
Event: 26168.489 Thread 0x000002584c9899a0 Thread added: 0x000002584fce5820
Event: 26168.490 Thread 0x000002584fce5820 Thread added: 0x000002584fce5eb0
Event: 26168.491 Thread 0x000002584fce5820 Thread exited: 0x000002584fce5820
Event: 26168.491 Thread 0x000002584fce5eb0 Thread exited: 0x000002584fce5eb0


Dynamic libraries:
0x00007ff648c90000 - 0x00007ff648c9e000 	c:\Users\USER\.vscode\extensions\redhat.java-1.47.0-win32-x64\jre\21.0.8-win32-x86_64\bin\java.exe
0x00007ffa25060000 - 0x00007ffa252c8000 	C:\WINDOWS\SYSTEM32\ntdll.dll
0x00007ffa23d30000 - 0x00007ffa23df9000 	C:\WINDOWS\System32\KERNEL32.DLL
0x00007ffa22300000 - 0x00007ffa226f8000 	C:\WINDOWS\System32\KERNELBASE.dll
0x00007ffa221b0000 - 0x00007ffa222fb000 	C:\WINDOWS\System32\ucrtbase.dll
0x00007ffa01cc0000 - 0x00007ffa01cd8000 	c:\Users\USER\.vscode\extensions\redhat.java-1.47.0-win32-x64\jre\21.0.8-win32-x86_64\bin\jli.dll
0x00007ffa01a90000 - 0x00007ffa01aae000 	c:\Users\USER\.vscode\extensions\redhat.java-1.47.0-win32-x64\jre\21.0.8-win32-x86_64\bin\VCRUNTIME140.dll
0x00007ffa24d20000 - 0x00007ffa24ee7000 	C:\WINDOWS\System32\USER32.dll
0x00007ffa227b0000 - 0x00007ffa227d7000 	C:\WINDOWS\System32\win32u.dll
0x00007ffa06a20000 - 0x00007ffa06cb4000 	C:\WINDOWS\WinSxS\amd64_microsoft.windows.common-controls_6595b64144ccf1df_6.0.26100.7019_none_3e06ffa0e335b8a8\COMCTL32.dll
0x00007ffa24c50000 - 0x00007ffa24c7b000 	C:\WINDOWS\System32\GDI32.dll
0x00007ffa23620000 - 0x00007ffa236c9000 	C:\WINDOWS\System32\msvcrt.dll
0x00007ffa22cd0000 - 0x00007ffa22dfc000 	C:\WINDOWS\System32\gdi32full.dll
0x00007ffa227e0000 - 0x00007ffa22883000 	C:\WINDOWS\System32\msvcp_win.dll
0x00007ffa235e0000 - 0x00007ffa23611000 	C:\WINDOWS\System32\IMM32.DLL
0x00007ffa1b8d0000 - 0x00007ffa1b8dc000 	c:\Users\USER\.vscode\extensions\redhat.java-1.47.0-win32-x64\jre\21.0.8-win32-x86_64\bin\vcruntime140_1.dll
0x00007ff9c74a0000 - 0x00007ff9c752d000 	c:\Users\USER\.vscode\extensions\redhat.java-1.47.0-win32-x64\jre\21.0.8-win32-x86_64\bin\msvcp140.dll
0x00007ff954bd0000 - 0x00007ff955967000 	c:\Users\USER\.vscode\extensions\redhat.java-1.47.0-win32-x64\jre\21.0.8-win32-x86_64\bin\server\jvm.dll
0x00007ffa22ec0000 - 0x00007ffa22f74000 	C:\WINDOWS\System32\ADVAPI32.dll
0x00007ffa24ef0000 - 0x00007ffa24f96000 	C:\WINDOWS\System32\sechost.dll
0x00007ffa23b80000 - 0x00007ffa23c98000 	C:\WINDOWS\System32\RPCRT4.dll
0x00007ffa24ad0000 - 0x00007ffa24b44000 	C:\WINDOWS\System32\WS2_32.dll
0x00007ffa22010000 - 0x00007ffa2206e000 	C:\WINDOWS\SYSTEM32\POWRPROF.dll
0x00007ffa1ca50000 - 0x00007ffa1ca85000 	C:\WINDOWS\SYSTEM32\WINMM.dll
0x00007ffa17470000 - 0x00007ffa1747b000 	C:\WINDOWS\SYSTEM32\VERSION.dll
0x00007ffa21ff0000 - 0x00007ffa22004000 	C:\WINDOWS\SYSTEM32\UMPDC.dll
0x00007ffa20f70000 - 0x00007ffa20f8b000 	C:\WINDOWS\SYSTEM32\kernel.appcore.dll
0x00007ffa12540000 - 0x00007ffa1254a000 	c:\Users\USER\.vscode\extensions\redhat.java-1.47.0-win32-x64\jre\21.0.8-win32-x86_64\bin\jimage.dll
0x00007ffa126d0000 - 0x00007ffa12912000 	C:\WINDOWS\SYSTEM32\DBGHELP.DLL
0x00007ffa22f80000 - 0x00007ffa2330b000 	C:\WINDOWS\System32\combase.dll
0x00007ffa234d0000 - 0x00007ffa235a7000 	C:\WINDOWS\System32\OLEAUT32.dll
0x00007ffa066e0000 - 0x00007ffa0671c000 	C:\WINDOWS\SYSTEM32\dbgcore.DLL
0x00007ffa22700000 - 0x00007ffa227a5000 	C:\WINDOWS\System32\bcryptPrimitives.dll
0x00007ffa11650000 - 0x00007ffa1165f000 	c:\Users\USER\.vscode\extensions\redhat.java-1.47.0-win32-x64\jre\21.0.8-win32-x86_64\bin\instrument.dll
0x00007ffa03520000 - 0x00007ffa0353f000 	c:\Users\USER\.vscode\extensions\redhat.java-1.47.0-win32-x64\jre\21.0.8-win32-x86_64\bin\java.dll
0x00007ffa241a0000 - 0x00007ffa248f1000 	C:\WINDOWS\System32\SHELL32.dll
0x00007ffa22890000 - 0x00007ffa229fb000 	C:\WINDOWS\System32\wintypes.dll
0x00007ffa1fe10000 - 0x00007ffa2066d000 	C:\WINDOWS\SYSTEM32\windows.storage.dll
0x00007ffa24b50000 - 0x00007ffa24c42000 	C:\WINDOWS\System32\SHCORE.dll
0x00007ffa22e00000 - 0x00007ffa22e67000 	C:\WINDOWS\System32\shlwapi.dll
0x00007ffa220d0000 - 0x00007ffa220f9000 	C:\WINDOWS\SYSTEM32\profapi.dll
0x00007ffa01010000 - 0x00007ffa01028000 	c:\Users\USER\.vscode\extensions\redhat.java-1.47.0-win32-x64\jre\21.0.8-win32-x86_64\bin\zip.dll
0x00007ffa11800000 - 0x00007ffa11810000 	C:\Users\USER\.vscode\extensions\redhat.java-1.47.0-win32-x64\jre\21.0.8-win32-x86_64\bin\net.dll
0x00007ffa1c240000 - 0x00007ffa1c368000 	C:\WINDOWS\SYSTEM32\WINHTTP.dll
0x00007ffa214e0000 - 0x00007ffa2154b000 	C:\WINDOWS\system32\mswsock.dll
0x00007ffa00dc0000 - 0x00007ffa00dd6000 	C:\Users\USER\.vscode\extensions\redhat.java-1.47.0-win32-x64\jre\21.0.8-win32-x86_64\bin\nio.dll
0x00007ffa0fff0000 - 0x00007ffa10000000 	c:\Users\USER\.vscode\extensions\redhat.java-1.47.0-win32-x64\jre\21.0.8-win32-x86_64\bin\verify.dll
0x00007ffa09250000 - 0x00007ffa09294000 	C:\Users\USER\AppData\Roaming\Code\User\globalStorage\redhat.java\1.47.0\config_win\org.eclipse.equinox.launcher\org.eclipse.equinox.launcher.win32.win32.x86_64_1.2.1400.v20250801-0854\eclipse_11916.dll
0x00007ffa24000000 - 0x00007ffa24197000 	C:\WINDOWS\System32\ole32.dll
0x00007ffa217b0000 - 0x00007ffa217cb000 	C:\WINDOWS\SYSTEM32\CRYPTSP.dll
0x00007ffa20ed0000 - 0x00007ffa20f0a000 	C:\WINDOWS\system32\rsaenh.dll
0x00007ffa21590000 - 0x00007ffa215bb000 	C:\WINDOWS\SYSTEM32\USERENV.dll
0x00007ffa220a0000 - 0x00007ffa220ca000 	C:\WINDOWS\SYSTEM32\bcrypt.dll
0x00007ffa217a0000 - 0x00007ffa217ac000 	C:\WINDOWS\SYSTEM32\CRYPTBASE.dll
0x00007ffa20980000 - 0x00007ffa209b4000 	C:\WINDOWS\SYSTEM32\IPHLPAPI.DLL
0x00007ffa23b60000 - 0x00007ffa23b6a000 	C:\WINDOWS\System32\NSI.dll
0x00007ff9f1730000 - 0x00007ff9f1779000 	C:\Users\USER\AppData\Local\Temp\jna-2614219\jna2679232410588327833.dll
0x00007ffa24d10000 - 0x00007ffa24d18000 	C:\WINDOWS\System32\PSAPI.DLL
0x00007ffa1bf70000 - 0x00007ffa1bf8e000 	C:\WINDOWS\SYSTEM32\dhcpcsvc6.DLL
0x00007ffa1bf40000 - 0x00007ffa1bf63000 	C:\WINDOWS\SYSTEM32\dhcpcsvc.DLL
0x00007ffa0bfd0000 - 0x00007ffa0bfde000 	C:\Users\USER\.vscode\extensions\redhat.java-1.47.0-win32-x64\jre\21.0.8-win32-x86_64\bin\sunmscapi.dll
0x00007ffa22b50000 - 0x00007ffa22cc7000 	C:\WINDOWS\System32\CRYPT32.dll
0x00007ffa219c0000 - 0x00007ffa219f0000 	C:\WINDOWS\SYSTEM32\ncrypt.dll
0x00007ffa21970000 - 0x00007ffa219af000 	C:\WINDOWS\SYSTEM32\NTASN1.dll
0x00007ffa20a10000 - 0x00007ffa20b3c000 	C:\WINDOWS\SYSTEM32\DNSAPI.dll
0x00007ffa0fa40000 - 0x00007ffa0fa4b000 	C:\Windows\System32\rasadhlp.dll
0x00007ffa1b1a0000 - 0x00007ffa1b226000 	C:\WINDOWS\System32\fwpuclnt.dll
0x00007ffa0bc10000 - 0x00007ffa0bc19000 	C:\Users\USER\.vscode\extensions\redhat.java-1.47.0-win32-x64\jre\21.0.8-win32-x86_64\bin\extnet.dll
0x00007ff9fc4a0000 - 0x00007ff9fc4c7000 	C:\Users\USER\.gradle\native\1def1411415f61bf3af743bc5b6707747c0891f09f0c88961ee8f79bc544acac\windows-amd64\native-platform.dll
0x00007ffa0f680000 - 0x00007ffa0f68a000 	C:\Users\USER\.vscode\extensions\redhat.java-1.47.0-win32-x64\jre\21.0.8-win32-x86_64\bin\management.dll
0x00007ffa0e9f0000 - 0x00007ffa0e9fb000 	C:\Users\USER\.vscode\extensions\redhat.java-1.47.0-win32-x64\jre\21.0.8-win32-x86_64\bin\management_ext.dll

JVMTI agents:
c:\Users\USER\.vscode\extensions\redhat.java-1.47.0-win32-x64\lombok\lombok-1.18.39-4050.jar path:c:\Users\USER\.vscode\extensions\redhat.java-1.47.0-win32-x64\jre\21.0.8-win32-x86_64\bin\instrument.dll, loaded, initialized, instrumentlib options:none

dbghelp: loaded successfully - version: 4.0.5 - missing functions: none
symbol engine: initialized successfully - sym options: 0x614 - pdb path: .;c:\Users\USER\.vscode\extensions\redhat.java-1.47.0-win32-x64\jre\21.0.8-win32-x86_64\bin;C:\WINDOWS\SYSTEM32;C:\WINDOWS\WinSxS\amd64_microsoft.windows.common-controls_6595b64144ccf1df_6.0.26100.7019_none_3e06ffa0e335b8a8;c:\Users\USER\.vscode\extensions\redhat.java-1.47.0-win32-x64\jre\21.0.8-win32-x86_64\bin\server;C:\Users\USER\AppData\Roaming\Code\User\globalStorage\redhat.java\1.47.0\config_win\org.eclipse.equinox.launcher\org.eclipse.equinox.launcher.win32.win32.x86_64_1.2.1400.v20250801-0854;C:\Users\USER\AppData\Local\Temp\jna-2614219;C:\Users\USER\.gradle\native\1def1411415f61bf3af743bc5b6707747c0891f09f0c88961ee8f79bc544acac\windows-amd64

VM Arguments:
jvm_args: --add-modules=ALL-SYSTEM --add-opens=java.base/java.util=ALL-UNNAMED --add-opens=java.base/java.lang=ALL-UNNAMED --add-opens=java.base/sun.nio.fs=ALL-UNNAMED -Declipse.application=org.eclipse.jdt.ls.core.id1 -Dosgi.bundles.defaultStartLevel=4 -Declipse.product=org.eclipse.jdt.ls.core.product -Djava.import.generatesMetadataFilesAtProjectRoot=false -DDetectVMInstallationsJob.disabled=true -Dfile.encoding=utf8 -XX:+UseParallelGC -XX:GCTimeRatio=4 -XX:AdaptiveSizePolicyWeight=90 -Dsun.zip.disableMemoryMapping=true -Xmx2G -Xms100m -Xlog:disable -javaagent:c:\Users\USER\.vscode\extensions\redhat.java-1.47.0-win32-x64\lombok\lombok-1.18.39-4050.jar -XX:+HeapDumpOnOutOfMemoryError -XX:HeapDumpPath=c:\Users\USER\AppData\Roaming\Code\User\workspaceStorage\ede50d81fbf39ec77962fb99da59fb81\redhat.java -Daether.dependencyCollector.impl=bf 
java_command: c:\Users\USER\.vscode\extensions\redhat.java-1.47.0-win32-x64\server\plugins\org.eclipse.equinox.launcher_1.7.100.v20251014-1222.jar -configuration c:\Users\USER\AppData\Roaming\Code\User\globalStorage\redhat.java\1.47.0\config_win -data c:\Users\USER\AppData\Roaming\Code\User\workspaceStorage\ede50d81fbf39ec77962fb99da59fb81\redhat.java\jdt_ws --pipe=\\.\pipe\lsp-f6635b5b043317efc3a02cdb7664257c-sock
java_class_path (initial): c:\Users\USER\.vscode\extensions\redhat.java-1.47.0-win32-x64\server\plugins\org.eclipse.equinox.launcher_1.7.100.v20251014-1222.jar
Launcher Type: SUN_STANDARD

[Global flags]
    uintx AdaptiveSizePolicyWeight                 = 90                                        {product} {command line}
     intx CICompilerCount                          = 12                                        {product} {ergonomic}
    uintx GCTimeRatio                              = 4                                         {product} {command line}
     bool HeapDumpOnOutOfMemoryError               = true                                   {manageable} {command line}
    ccstr HeapDumpPath                             = c:\Users\USER\AppData\Roaming\Code\User\workspaceStorage\ede50d81fbf39ec77962fb99da59fb81\redhat.java         {manageable} {command line}
   size_t InitialHeapSize                          = 104857600                                 {product} {command line}
   size_t MaxHeapSize                              = 2147483648                                {product} {command line}
   size_t MaxNewSize                               = 715653120                                 {product} {ergonomic}
   size_t MinHeapDeltaBytes                        = 524288                                    {product} {ergonomic}
   size_t MinHeapSize                              = 104857600                                 {product} {command line}
   size_t NewSize                                  = 34603008                                  {product} {ergonomic}
    uintx NonNMethodCodeHeapSize                   = 7602480                                {pd product} {ergonomic}
    uintx NonProfiledCodeHeapSize                  = 122027880                              {pd product} {ergonomic}
   size_t OldSize                                  = 70254592                                  {product} {ergonomic}
    uintx ProfiledCodeHeapSize                     = 122027880                              {pd product} {ergonomic}
    uintx ReservedCodeCacheSize                    = 251658240                              {pd product} {ergonomic}
     bool SegmentedCodeCache                       = true                                      {product} {ergonomic}
   size_t SoftMaxHeapSize                          = 2147483648                             {manageable} {ergonomic}
     bool UseCompressedOops                        = true                           {product lp64_product} {ergonomic}
     bool UseLargePagesIndividualAllocation        = false                                  {pd product} {ergonomic}
     bool UseParallelGC                            = true                                      {product} {command line}

Logging:
Log output configuration:
 #0: stdout all=off uptime,level,tags foldmultilines=false
 #1: stderr all=off uptime,level,tags foldmultilines=false

Environment Variables:
JAVA_HOME=C:\Program Files\Eclipse Adoptium\jdk-17.0.14.7-hotspot
PATH=C:\Program Files\Eclipse Adoptium\jdk-17.0.14.7-hotspot\bin;C:\oraclexe\app\oracle\product\10.2.0\server\bin;C:\WINDOWS\system32;C:\WINDOWS;C:\WINDOWS\System32\Wbem;C:\WINDOWS\System32\WindowsPowerShell\v1.0\;C:\WINDOWS\System32\OpenSSH\;C:\ProgramData\chocolatey\bin;C:\Program Files\Git\cmd;C:\sqlite;C:\Program Files\OpenLogic\jdk-21.0.6.7-hotspot\bin;C:\Program Files\nodejs\;C:\Users\USER\AppData\Local\Android\Sdk;C:\Users\USER\AppData\Local\Android\Sdk\platform-tools;C:\Users\USER\AppData\Local\Android\Sdk\platform-tools;C:\Users\USER\AppData\Local\Android\Sdk\tools;C:\Users\USER\AppData\Local\Android\Sdk\tools\bin;C:\Users\USER\AppData\Local\Android\Sdk\emulator;C:\Users\USER\AppData\Local\Android\Sdk\cmdline-tools\latest\bin;C:\Program Files\MongoDB\Server\8.0\bin;C:\Program Files\Eclipse Adoptium\jdk-17.0.14.7-hotspot\bin;C:\oraclexe\app\oracle\product\10.2.0\server\bin;C:\Windows\system32;C:\Windows;C:\Windows\System32\Wbem;C:\Windows\System32\WindowsPowerShell\v1.0\;C:\Windows\System32\OpenSSH\;C:\ProgramData\chocolatey\bin;C:\Program Files\Git\cmd;C:\sqlite;C:\Program Files\nodejs\;C:\Users\USER\AppData\Local\Programs\Python\Python310\Scripts\;C:\Users\USER\AppData\Local\Programs\Python\Python310\;C:\Users\USER\AppData\Local\Microsoft\WindowsApps;C:\Users\USER\AppData\Local\Programs\Microsoft VS Code\bin;C:\msys64\ucrt64\bin;C:\flutter\bin;C:\Users\USER\Desktop\hello\myfirstproj\Scripts;C:\Users\USER\AppData\Local\GitHubDesktop\bin;C:\Program Files\MongoDB\Server\8.0\bin;C:\Users\USER\Downloads\flutter_windows_3.19.6-stable\flutter\bin;C:\Program Files\OpenLogic\jdk-21.0.6.7-hotspot\bin;C:\Users\USER\AppData\Roaming\npm;C:\Users\USER\AppData\Local\Android\Sdk\platform-tools;C:\Users\USER\AppData\Local\Android\Sdk;C:\Users\USER\AppData\Local\Android\Sdk\emulator;C:\Users\USER\AppData\Local\Programs\cursor\resources\app\bin;C:\Users\USER\AppData\Local\Microsoft\WindowsApps;
USERNAME=USER
OS=Windows_NT
PROCESSOR_IDENTIFIER=AMD64 Family 25 Model 33 Stepping 2, AuthenticAMD
TMP=C:\Users\USER\AppData\Local\Temp
TEMP=C:\Users\USER\AppData\Local\Temp




Periodic native trim disabled

---------------  S Y S T E M  ---------------

OS:
 Windows 11 , 64 bit Build 26100 (10.0.26100.7019)
OS uptime: 5 days 2:32 hours

CPU: total 16 (initial active 16) (16 cores per cpu, 2 threads per core) family 25 model 33 stepping 2 microcode 0xa20120a, cx8, cmov, fxsr, ht, mmx, 3dnowpref, sse, sse2, sse3, ssse3, sse4a, sse4.1, sse4.2, popcnt, lzcnt, tsc, tscinvbit, avx, avx2, aes, erms, clmul, bmi1, bmi2, adx, sha, fma, vzeroupper, clflush, clflushopt, rdtscp, rdpid, fsrm, f16c, pku, cet_ss
Processor Information for the first 16 processors :
  Max Mhz: 3401, Current Mhz: 3401, Mhz Limit: 3401

Memory: 4k page, system-wide physical 16306M (946M free)
TotalPageFile size 65458M (AvailPageFile size 2M)
current process WorkingSet (physical memory assigned to process): 24M, peak: 352M
current process commit charge ("private bytes"): 368M, peak: 446M

vm_info: OpenJDK 64-Bit Server VM (21.0.8+9-LTS) for windows-amd64 JRE (21.0.8+9-LTS), built on 2025-07-15T00:00:00Z by "admin" with MS VC++ 17.7 (VS2022)

END.
